{"raw_id": "doc_000740", "doc_id": "doc_000740", "lang": "ar", "source": "wikisource", "reason": "untranslatable", "snippet": "ومما حرموا عن علم صحيح وقياسنا ينبؤ عنه، חמשה קרומים אסורים: קרום של מוח، קרום שעל ביצה، קרום שעל גב"}
{"raw_id": "doc_004054", "doc_id": "doc_004054", "lang": "ar", "source": "ytcomments", "reason": "untranslatable", "snippet": "نمكطشحشحجشجشجشطصجطيطسططسطسككصكطصططسططسطثططشطططسحصححصحجضططصج٠٩خكذطسططصجسجطشطط ‏‪6:18‬‏ ‏‪6:18‬‏ ‏‪6:1"}
{"raw_id": "doc_004743", "doc_id": "doc_004743", "lang": "ar", "source": "ytcomments", "reason": "untranslatable", "snippet": "معلش los amigos 130m"}
{"raw_id": "doc_006977", "doc_id": "doc_006977", "lang": "de", "source": "wikisource", "reason": "untranslatable", "snippet": "** Band 1 (1879) ** Band 2 (1880) , , , = ** Band 1 bis 2 (1879 – 1880) , ** Band 3 (1881) , , , ** "}
{"raw_id": "doc_008709", "doc_id": "doc_008709", "lang": "de", "source": "wikisource", "reason": "untranslatable", "snippet": "__TOC__ == Vorgänger (derzeit nicht als Digitalisat auffindbar) == * , Limpertsberg : [Verlag nicht "}
{"raw_id": "doc_008689", "doc_id": "doc_008689", "lang": "de", "source": "wikisource", "reason": "untranslatable", "snippet": "1983 asbs.org.au * Nummer 35, June, 1983 asbs.org.au * Nummer 34, March, 1983 asbs.org.au 1982 * Num"}
{"raw_id": "doc_008687", "doc_id": "doc_008687", "lang": "de", "source": "wikisource", "reason": "untranslatable", "snippet": "https://asbs.org.au/newsletter/ 2024 * Nummer 197/198, March 2024 asbs.org.au 2023 * Nummer 196, Sep"}
{"raw_id": "doc_008438", "doc_id": "doc_008438", "lang": "de", "source": "wikisource", "reason": "untranslatable", "snippet": "= ** 1896 = = ** 1897 = = ** 1898 = = ** 1899 = = ** 1900–1906 nur bei LNB Riga, siehe oben"}
{"raw_id": "doc_005274", "doc_id": "doc_005274", "lang": "de", "source": "wikisource", "reason": "untranslatable", "snippet": "Hammerschmidt ** 1.1872 - 11.1877, perspektivisch bis 27.1887 BSB München ** 1.1872 - 10.1877 (mehr "}
{"raw_id": "doc_007664", "doc_id": "doc_007664", "lang": "de", "source": "wikisource", "reason": "untranslatable", "snippet": "Regul .14. [[Seite:Rechenbuch Reinhard 152.jpg| [ 152 ] ]], [[Seite:Rechenbuch Reinhard 153.jpg| [ 1"}
{"raw_id": "doc_006320", "doc_id": "doc_006320", "lang": "de", "source": "wikisource", "reason": "untranslatable", "snippet": "__TOC__ == 1.1869 gleicher Titel Technische Blätter, aber Untertitel Vierteljahrschrift des Deutsche"}
{"raw_id": "doc_008681", "doc_id": "doc_008681", "lang": "de", "source": "wikisource", "reason": "untranslatable", "snippet": "Halbjahr, Nr. 1644–1669 = = ÖNB-ANNO, , = * 65.1875, 2. Halbjahr, Nr. 1670–1695 = = ÖNB-ANNO, , = * "}
{"raw_id": "doc_008736", "doc_id": "doc_008736", "lang": "de", "source": "wikisource", "reason": "untranslatable", "snippet": "* Seite 98 * Seite 99 * Seite 100 * Seite 101 * Seite 102 * Seite 103 * Seite 104 * Seite 105 * Seit"}
{"raw_id": "doc_008747", "doc_id": "doc_008747", "lang": "de", "source": "wikisource", "reason": "untranslatable", "snippet": "width=\"90%\" align=\"center\" style=\"font-weight:bold;\" * Tafel 1 * Tafel 2 * Tafel 3 * Tafel 4 * Tafel"}
{"raw_id": "doc_007572", "doc_id": "doc_007572", "lang": "de", "source": "wikisource", "reason": "untranslatable", "snippet": "28: März – December 1817 , ** Bd. 29: Januar – October 1818 , , = ** Bd. 30: Undatiertes und Nachträ"}
{"raw_id": "doc_008117", "doc_id": "doc_008117", "lang": "de", "source": "wikisource", "reason": "untranslatable", "snippet": "18, Chemnitz 1919. == Siehe auch == • Militär • Revolution von 1848 • Sachsen • Krieg"}
{"raw_id": "doc_006700", "doc_id": "doc_006700", "lang": "de", "source": "wikisource", "reason": "untranslatable", "snippet": "Herausgegeben von H. Liebhart, W. Voelkner. Cincinnati, Chicago, St. Louis, New York, 1.1873–43.1915"}
{"raw_id": "doc_005085", "doc_id": "doc_005085", "lang": "de", "source": "wikisource", "reason": "untranslatable", "snippet": "==Digitalisate== *Musikalisches Wochenblatt **01. Jg. 1870, kpl. Jg: = , , ; nur 2. Halbjahr: = **02"}
{"raw_id": "doc_008194", "doc_id": "doc_008194", "lang": "de", "source": "wikisource", "reason": "untranslatable", "snippet": "Jena : Fischer 1.1887/88; 2.1888 - 16.1901; N.F. 1=17.1901/02 - 21=37.1922 ** Wissenschaftliche Rund"}
{"raw_id": "doc_007988", "doc_id": "doc_007988", "lang": "de", "source": "wikisource", "reason": "untranslatable", "snippet": "Teil = = *** 2. Teil = = *** 3. Teil = = ** 31.1931/33 für die Jahre 1928–1929 *** 1. Teil = = *** 2"}
{"raw_id": "doc_007847", "doc_id": "doc_007847", "lang": "de", "source": "wikisource", "reason": "untranslatable", "snippet": "Band , * 51. Band , * 52. Band , * 53. Band , * 54. Band , * 55. Band , * 56. Band , * 57. Band , * "}
{"raw_id": "doc_006676", "doc_id": "doc_006676", "lang": "de", "source": "wikisource", "reason": "untranslatable", "snippet": "Hälfte = = , = ** 51. Jg., 1858, 1. und 2. Hälfte = ** 52. Jg., 1859, 1. und 2. Hälfte = = ** 53. Jg"}
{"raw_id": "doc_007692", "doc_id": "doc_007692", "lang": "de", "source": "wikisource", "reason": "untranslatable", "snippet": "Band 3, Teil 1: Oberfranken. München 1865. , * *"}
{"raw_id": "doc_006991", "doc_id": "doc_006991", "lang": "de", "source": "wikisource", "reason": "untranslatable", "snippet": "Jahrg. (1822), S. 435–438.] –"}
{"raw_id": "doc_007320", "doc_id": "doc_007320", "lang": "de", "source": "wikisource", "reason": "untranslatable", "snippet": "*396 *398 *400 *402 *404 *406 *408 *410 *412 *414 *416 *418 *420 *422 *424 *426 *428 *430 *432 *434 "}
{"raw_id": "doc_005158", "doc_id": "doc_005158", "lang": "de", "source": "wikisource", "reason": "untranslatable", "snippet": "__TOC__ * U California Northern Regional Library Facility NRLF (UCB) has v.1-12, v.14-17, v.20-21, v"}
{"raw_id": "doc_005152", "doc_id": "doc_005152", "lang": "de", "source": "wikisource", "reason": "untranslatable", "snippet": "== Werke == * Gedichte, Cotta, Stuttgart und Tübingen 1838 , = ** 2., vermehrte Auflage, 1839 , , **"}
{"raw_id": "doc_006937", "doc_id": "doc_006937", "lang": "de", "source": "wikisource", "reason": "untranslatable", "snippet": "== 107.1848 – 119.1860 == * 107.1848 Schlesische Digitale Bibliothek ** Nur: Nr. 79 & 101 sowie Beil"}
{"raw_id": "doc_007784", "doc_id": "doc_007784", "lang": "de", "source": "wikisource", "reason": "untranslatable", "snippet": "Aufl. von Quartalschrift für katholische Geistliche 1.1812 - 4.1815 == * 2. Aufl. von Quartalschrift"}
{"raw_id": "doc_006298", "doc_id": "doc_006298", "lang": "de", "source": "wikisource", "reason": "untranslatable", "snippet": "Jg. (1860) = , = ** 9. Jg. (1861) = , = ** 10. Jg. (1862) = , = * Arthur Felix, Leipzig / Verlag d. "}
{"raw_id": "doc_005451", "doc_id": "doc_005451", "lang": "de", "source": "wikisource", "reason": "untranslatable", "snippet": "== Inhalt == ! style=\"background-color: #DDDDFF\"|Band 1 ! style=\"background-color: #DDDDFF\"|Band 2 *"}
{"raw_id": "doc_005360", "doc_id": "doc_005360", "lang": "de", "source": "wikisource", "reason": "untranslatable", "snippet": "382; 1840, S. 27, Nr. 465; 1842, S. 20, Nr. 216; 1845, S. 8, Nr. 17; 1851, S. 4, Nr. 15."}
{"raw_id": "doc_007158", "doc_id": "doc_007158", "lang": "de", "source": "wikisource", "reason": "untranslatable", "snippet": "Dresden 1937 == Sekundärliteratur == *"}
{"raw_id": "doc_005259", "doc_id": "doc_005259", "lang": "de", "source": "wikisource", "reason": "untranslatable", "snippet": "== Einführung == Der Artikel Bemerkungen zum Nationalsozialismus, 1936 zeigt die von Bettina Brass z"}
{"raw_id": "doc_006067", "doc_id": "doc_006067", "lang": "de", "source": "wikisource", "reason": "untranslatable", "snippet": "17.1915/16(1916) = ** 18.1917 = ** 19.1918 = ** 20.1919 = ** 21.1920 = ** 22.1921 = ** 23.1922 = ** "}
{"raw_id": "doc_005317", "doc_id": "doc_005317", "lang": "de", "source": "wikisource", "reason": "untranslatable", "snippet": "=== [72] [72] [72] === Abschnitt 73 === [73] [73] [73] === Abschnitt 74 === [74] [74] [74] === Absch"}
{"raw_id": "doc_005131", "doc_id": "doc_005131", "lang": "de", "source": "wikisource", "reason": "untranslatable", "snippet": "= * 49.1900 (NF 26) * 50.1901 (NF 27) = * 51.1902 (NF 28) ="}
{"raw_id": "doc_009143", "doc_id": "doc_009143", "lang": "de", "source": "ytcomments", "reason": "untranslatable", "snippet": "17:43 mindestens 4500"}
{"raw_id": "doc_013205", "doc_id": "doc_013205", "lang": "en", "source": "project_gutenberg", "reason": "untranslatable", "snippet": "2009 7.888122 0.126773 4% Est. 2008 7.584732 0.131844 4% Est. 2007 7.293014 0.137118 4% Est. 2006 7."}
{"raw_id": "doc_013204", "doc_id": "doc_013204", "lang": "en", "source": "project_gutenberg", "reason": "untranslatable", "snippet": "1991 0.924556 1.081600 4% Est. 1990 0.888996 1.124864 4% Est."}
{"raw_id": "doc_017697", "doc_id": "doc_017697", "lang": "en", "source": "project_gutenberg", "reason": "untranslatable", "snippet": "17136 29007 76813 28518 27339 91243 85204 82071 89660 40597 69143 55872 78383 11227 71619 67532 5306"}
{"raw_id": "doc_016094", "doc_id": "doc_016094", "lang": "en", "source": "project_gutenberg", "reason": "untranslatable", "snippet": "|18,000|1.64|0.41|1.44|0.38|0.395||18,000 |2.10|0.43|2.09|0.46|0.445 11 |20,000|1.68|0.45|1.49|0.43|"}
{"raw_id": "doc_016092", "doc_id": "doc_016092", "lang": "en", "source": "project_gutenberg", "reason": "untranslatable", "snippet": "|18,000|2.20|0.34|2.20|0.32|0.330||18,000 |2.24|0.41|2.28|0.42|0.415 11 |20,000|2.24|0.36|2.25|0.37|"}
{"raw_id": "doc_010333", "doc_id": "doc_010333", "lang": "en", "source": "project_gutenberg", "reason": "untranslatable", "snippet": "62432225945559281764105871963818663629698078368237 4025864262807572682905977327797468409284033529746"}
{"raw_id": "doc_012046", "doc_id": "doc_012046", "lang": "en", "source": "project_gutenberg", "reason": "untranslatable", "snippet": "820644920289386802777417536594959968985756722695396958441323760095046871993349 718054847569403682982"}
{"raw_id": "doc_011921", "doc_id": "doc_011921", "lang": "en", "source": "project_gutenberg", "reason": "untranslatable", "snippet": "| | | | Lbs. | | Lbs. | | lbs. | | Lbs."}
{"raw_id": "doc_012793", "doc_id": "doc_012793", "lang": "en", "source": "project_gutenberg", "reason": "untranslatable", "snippet": ". . . . . . . . . 125 Chapter XIX. Remorse . . . . . . . . . . . . . . . . . . . . . 131 Chapter XX."}
{"raw_id": "doc_011783", "doc_id": "doc_011783", "lang": "en", "source": "project_gutenberg", "reason": "untranslatable", "snippet": "7.18 | Died of wounds. 42286 | Pte. | Musk, H.E. | 10. 3.17 | ---- 93397 | Pte. | Myers, C.H. | 7. 9"}
{"raw_id": "doc_012412", "doc_id": "doc_012412", "lang": "en", "source": "project_gutenberg", "reason": "untranslatable", "snippet": "[225] Veazie Bank _v._ Fenno, 8 Wall. 533 (1869). [226] United States _v._ Baltimore & O.R. Co., 17 "}
{"raw_id": "doc_012981", "doc_id": "doc_012981", "lang": "en", "source": "project_gutenberg", "reason": "untranslatable", "snippet": "Nat., Nouv. Acq., 9325, f. 332.] [Footnote 463: C.S.P. Colon., 1681-85, Nos. 1796, 1854, 1855, 1943;"}
{"raw_id": "doc_017638", "doc_id": "doc_017638", "lang": "en", "source": "project_gutenberg", "reason": "untranslatable", "snippet": "Constructed of brush except final compartments, which are of netting with wooden floors. Value of se"}
{"raw_id": "doc_010156", "doc_id": "doc_010156", "lang": "en", "source": "project_gutenberg", "reason": "untranslatable", "snippet": ". . . . . . . . .574 Vase, Vat, Vatican, Vault, Vegetables. . . . . . . . . . . . . . . . .575 Vehic"}
{"raw_id": "doc_015323", "doc_id": "doc_015323", "lang": "en", "source": "project_gutenberg", "reason": "untranslatable", "snippet": "Smith, Goldwin, 44, 151 Socialism, 299, 310 Spain, 73, 97, 98, 117, 120, 121, 124, 125 Spencer, Herb"}
{"raw_id": "doc_022348", "doc_id": "doc_022348", "lang": "en", "source": "stackexchange", "reason": "untranslatable", "snippet": "2D Points from Left and Right Images raw_data2 = \"\"\"824.5896,678.58014 766.8919,681.0476 709.4761,68"}
{"raw_id": "doc_020163", "doc_id": "doc_020163", "lang": "en", "source": "stackexchange", "reason": "untranslatable", "snippet": "Registering Date Qty (Base) Qty (Base) Running Total 427752 4/17/2025 1280 1280 577708 4/28/2025 -10"}
{"raw_id": "doc_025091", "doc_id": "doc_025091", "lang": "en", "source": "stackexchange", "reason": "untranslatable", "snippet": "هزار تومن', '5000000ریال '), ('182000ریال ', '182000ریال'), ('100تومن', '1000 ریال'), ('108 هزارو 6 "}
{"raw_id": "doc_018616", "doc_id": "doc_018616", "lang": "en", "source": "stackexchange", "reason": "untranslatable", "snippet": "[debug] 4549#4549: *2 https ssl handshake: 0x16 2026/01/15 12:26:31 [debug] 4549#4549: *2 tcp_nodela"}
{"raw_id": "doc_021681", "doc_id": "doc_021681", "lang": "en", "source": "stackexchange", "reason": "untranslatable", "snippet": "An not entirely updated version is located at GitHub def _create_input_root( self ) -> None: \"\"\" Cre"}
{"raw_id": "doc_021688", "doc_id": "doc_021688", "lang": "en", "source": "stackexchange", "reason": "untranslatable", "snippet": "#f2f2f2; border: 1px solid #000000; border-radius: 10px; z-index: 10; padding: 20px; } .modal-contai"}
{"raw_id": "doc_020487", "doc_id": "doc_020487", "lang": "en", "source": "stackexchange", "reason": "untranslatable", "snippet": "overflow: hidden; background: linear-gradient(135deg, rgb(var(--glass-rgb) / 0.22), rgb(var(--glass-"}
{"raw_id": "doc_022087", "doc_id": "doc_022087", "lang": "en", "source": "stackexchange", "reason": "untranslatable", "snippet": "0 0 3 4 #> Fiat 128 32.4 4 78.7 66 4.08 2.200 19.47 1 1 4 1 #> Honda Civic 30.4 4 75.7 52 4.93 1.615"}
{"raw_id": "doc_025929", "doc_id": "doc_025929", "lang": "en", "source": "stackexchange", "reason": "untranslatable", "snippet": "VOR0061499 130 005 1.000 10.23 VOR0061499 140 000 4.000 20.53 VOR0061499 140 005 4.000 14.07 VOR0061"}
{"raw_id": "doc_024490", "doc_id": "doc_024490", "lang": "en", "source": "stackexchange", "reason": "untranslatable", "snippet": "0020 00 00 00 2f 64 61 74 61 2f 61 64 62 64 .../data/adbd 0000 1b 00 10 c0 05 7c 01 98 ff ff 00 00 0"}
{"raw_id": "doc_025861", "doc_id": "doc_025861", "lang": "en", "source": "stackexchange", "reason": "untranslatable", "snippet": "Calculate quantity based on column from a different table I currently am working with 2 tables tbRec"}
{"raw_id": "doc_023347", "doc_id": "doc_023347", "lang": "en", "source": "stackexchange", "reason": "untranslatable", "snippet": "2025-09-16 19:05:13.603 - |INFO| - [tb_gateway_service.py] - tb_gateway_service - init - 259 - Gatew"}
{"raw_id": "doc_019251", "doc_id": "doc_019251", "lang": "en", "source": "stackexchange", "reason": "untranslatable", "snippet": "But when I switch the input to a found triggerOrder for the next execution the sort runs fine! Even "}
{"raw_id": "doc_021278", "doc_id": "doc_021278", "lang": "en", "source": "stackexchange", "reason": "untranslatable", "snippet": "Flag a row after conditions met in RI have the following dataframe in R: id date time cost value 1 2"}
{"raw_id": "doc_023662", "doc_id": "doc_023662", "lang": "en", "source": "stackexchange", "reason": "untranslatable", "snippet": "Об антураже позаботились за вас!"}
{"raw_id": "doc_023660", "doc_id": "doc_023660", "lang": "en", "source": "stackexchange", "reason": "untranslatable", "snippet": "Но вы когда-нибудь пробовали с середины декабря начать запивать икру игристым? «Скворец» приглашает "}
{"raw_id": "doc_029689", "doc_id": "doc_029689", "lang": "en", "source": "ytcomments", "reason": "untranslatable", "snippet": "今はALPHAZが応援する出番！へその緒ー！"}
{"raw_id": "doc_030086", "doc_id": "doc_030086", "lang": "en", "source": "ytcomments", "reason": "untranslatable", "snippet": "리즈 음색 미친거 같음 아이돌중 최고임"}
{"raw_id": "doc_030283", "doc_id": "doc_030283", "lang": "en", "source": "ytcomments", "reason": "untranslatable", "snippet": "티원 그러면 홍콩 못 가고 떨어진거임?"}
{"raw_id": "doc_029291", "doc_id": "doc_029291", "lang": "en", "source": "ytcomments", "reason": "untranslatable", "snippet": "9:56 33 di nuovo ;-)"}
{"raw_id": "doc_039700", "doc_id": "doc_039700", "lang": "fr", "source": "wikisource", "reason": "untranslatable", "snippet": "__EXPECTWITHOUTSCANS__ 1234567890123456789012345678901234567890123456789012345678901234|123456789012"}
{"raw_id": "doc_040357", "doc_id": "doc_040357", "lang": "fr", "source": "wikisource", "reason": "untranslatable", "snippet": "align=center id=\"toc\" 01 - 02 - 03 - 04 - 05 - 06 - 07 - 08 - 09 - 10 11 - 12 - 13 - 14 - 15 - 16 - "}
{"raw_id": "doc_040360", "doc_id": "doc_040360", "lang": "fr", "source": "wikisource", "reason": "untranslatable", "snippet": "align=center 1. Évènements d’Égypte 2. Affaires d’Asie 3. Affaires d’Illyrie 4. Affaires d’Espagne 5"}
{"raw_id": "doc_040102", "doc_id": "doc_040102", "lang": "fr", "source": "wikisource", "reason": "untranslatable", "snippet": "Davis, 462. Davisstrait, 245, 461. Dax, loc., 27. Débardt (Raoul), 302. Debdu, loc., 275. Debidour ("}
{"raw_id": "doc_040100", "doc_id": "doc_040100", "lang": "fr", "source": "wikisource", "reason": "untranslatable", "snippet": "Ba-Binga, 6, 9. Ba-Bonco, 9. Ba-Bongo, 6, 9. Ba-Boulou, 9. Ba-Luba, 263. Ba-Topo, 9. Ba-Tua, 9. Ba-Y"}
{"raw_id": "doc_039928", "doc_id": "doc_039928", "lang": "fr", "source": "wikisource", "reason": "untranslatable", "snippet": "Ἢν μὲν γὰρ κατὰ λόγον γένηται τὰ σημεῖα ἐπὶ τοῖσι ἄστροισι δύνουσί τε καὶ ἐπιτέλλουσιν, ἔν τε τῷ μετ"}
{"raw_id": "doc_037062", "doc_id": "doc_037062", "lang": "fr", "source": "project_gutenberg", "reason": "untranslatable", "snippet": "| » 39 | 17 20 | 2 50 | » 90 | 2 28 | 1 52 | 5 11 | |Sardaigne.| » 40 | 20 » | 2 25 | 1 » | 2 » | 2 "}
{"raw_id": "doc_040312", "doc_id": "doc_040312", "lang": "fr", "source": "wikisource", "reason": "untranslatable", "snippet": "align=center id=\"toc\" 01 - 02 - 03 - 04 - 05 - 06 - 07 - 08 - 09 - 10 11 - 12 - 13 - 14 - 15 - 16 - "}
{"raw_id": "doc_040313", "doc_id": "doc_040313", "lang": "fr", "source": "wikisource", "reason": "untranslatable", "snippet": "la:Historiae (Tacitus) - Liber II en:The Histories (Tacitus)/Book 2 align=center id=\"toc\" 01 - 02 - "}
{"raw_id": "doc_040238", "doc_id": "doc_040238", "lang": "fr", "source": "wikisource", "reason": "untranslatable", "snippet": "* Chapitre 11 Des lois destinées à perpétuer la propriété de la terre dans les familles. * Chapitre "}
{"raw_id": "doc_039504", "doc_id": "doc_039504", "lang": "fr", "source": "wikisource", "reason": "untranslatable", "snippet": "* Hippolyte, de Sénèque le Jeune, * Hippolyte, de Robert Garnier, 1573 * Hippolyte (Desbordes-Valmor"}
{"raw_id": "doc_039869", "doc_id": "doc_039869", "lang": "fr", "source": "wikisource", "reason": "untranslatable", "snippet": "__DISAMBIG__ Édition originale : * Au lecteur * Cimetière de l’Est (Père-Lachaise) * Cimentière du N"}
{"raw_id": "doc_039961", "doc_id": "doc_039961", "lang": "fr", "source": "wikisource", "reason": "untranslatable", "snippet": ":轉頭一𥬇全無爲，不解當塲抵死爭。 Chinois simplifié : ::蚁斗 :饭罢徐徐扪腹行，阶前蚁阵太纵横。 :巧排睢水常山势，鏖战昆阳钜鹿兵。"}
{"raw_id": "doc_039652", "doc_id": "doc_039652", "lang": "fr", "source": "wikisource", "reason": "untranslatable", "snippet": "玄德志不遂，竟终于涕洟。 西晋尚清谈，大计悬品题。 妇人执国命，骨肉生疠疵。 二主蒙霜露，五胡犯鼎彝。 世无管夷吾，令人重歔欷。 广陌羌塵合，中州胡马嘶。"}
{"raw_id": "doc_039654", "doc_id": "doc_039654", "lang": "fr", "source": "wikisource", "reason": "untranslatable", "snippet": "与子不与贤，子孙生疮痍。 或苗民逆命，或有扈阻威。 或羿浞起釁，或管蔡造疑。 或商人征葛，或周人乘黎。 或鸣条振旅，或牧野搴旗。 灼见夏台日，曾照升自陑。"}
{"raw_id": "doc_040516", "doc_id": "doc_040516", "lang": "fr", "source": "ytcomments", "reason": "untranslatable", "snippet": "1000 joueurs ❌️ 1000 pnjs ✅️"}
{"raw_id": "doc_043031", "doc_id": "doc_043031", "lang": "ja", "source": "wikisource", "reason": "untranslatable", "snippet": "事務連絡 平成30年５月８日 各府省等法令窓口担当官 殿 内閣官房行政改革推進本部事務局 == 新旧対照表方式による府省令等の改正について（調査依頼） == 標記について、自由民主党行政改革推進本部か"}
{"raw_id": "doc_043097", "doc_id": "doc_043097", "lang": "ja", "source": "wikisource", "reason": "untranslatable", "snippet": "== 訳註 == *底本 **Inaugural Address of Zachary Taylor（イェール大学HP内） *訳者 **初版投稿者（利用者:Lombroso） en:Zachary T"}
{"raw_id": "doc_042746", "doc_id": "doc_042746", "lang": "ja", "source": "wikisource", "reason": "untranslatable", "snippet": "== 『早稲田学報』掲載版 == ! 上 !"}
{"raw_id": "doc_042789", "doc_id": "doc_042789", "lang": "ja", "source": "wikisource", "reason": "untranslatable", "snippet": "326の１､ 326の２､ 327の１､ 327の２､ 328､ 350～356､ 358 381の１､ 381の２ 382､ 463～474､ 543～553､ 621､ 622 区域内に介在する道"}
{"raw_id": "doc_042431", "doc_id": "doc_042431", "lang": "ja", "source": "wikisource", "reason": "untranslatable", "snippet": "本年三月及び三月迄の三ヶ月間に於ける合衆國の鋼材輸出額 日本は輸入者中依然第二位を占む : 第34号 8月1日発行 [http://dl.ndl.go.jp/info:ndljp/pid/117480"}
{"raw_id": "doc_042877", "doc_id": "doc_042877", "lang": "ja", "source": "wikisource", "reason": "untranslatable", "snippet": "山口高等商業學校 382 * 名古屋高等商業學校 383 * 福島高等商業學校 384 * 大分高等商業學校 385 * 彥根高等商業學校 386 * 和歌山高等商業學校 387 * 橫濱高等商業學校"}
{"raw_id": "doc_042579", "doc_id": "doc_042579", "lang": "ja", "source": "wikisource", "reason": "untranslatable", "snippet": "1. 指定セラレタル階級以外ノ者ノ出入ヲ厳守スベシ 2. 営業時間ヲ厳守スベシ 3. 料金及所定時間ヲ明瞭ナル所ニ標示スベシ 4. 入所券「サック」ハ連隊ニテ発行スル慰安許可証ト料金トヲ引換ニ交付スベ"}
{"raw_id": "doc_042855", "doc_id": "doc_042855", "lang": "ja", "source": "wikisource", "reason": "excessive_spaced_letters", "snippet": "三 住宅団地再生貨物運送共同化実施計画に記載された事業のうち、第一種貨物利用運送事業に該当するものについては、当該事業の実施主体が貨物利用運送事業法第六条第一項第一号から第四号まで、第六号及び第七号の"}
{"raw_id": "doc_042740", "doc_id": "doc_042740", "lang": "ja", "source": "wikisource", "reason": "untranslatable", "snippet": "rowspan=2 |遊興時間!! colspan=2| 料 金（円）!! rowspan=2| 備考"}
{"raw_id": "doc_042310", "doc_id": "doc_042310", "lang": "ja", "source": "stackexchange", "reason": "untranslatable", "snippet": "translateX(-50px); transform: translateX(-50px); -webkit-filter: blur(5px); filter: blur(5px); opaci"}
{"raw_id": "doc_041502", "doc_id": "doc_041502", "lang": "ja", "source": "stackexchange", "reason": "untranslatable", "snippet": "$(function () { //ここからｽﾑｰｽｽｸﾛｰﾙ// var $section = $('.nav-list').find('.list-item a'); $section.click"}
{"raw_id": "doc_041663", "doc_id": "doc_041663", "lang": "ja", "source": "stackexchange", "reason": "untranslatable", "snippet": "IJCADをvb.netで印刷するときに、印刷領域に窓 (PlotType.Window) を指定するとエラーになってしまう IJCADをvb.netで印刷するときに、印刷領域に窓 (PlotType"}
{"raw_id": "doc_041662", "doc_id": "doc_041662", "lang": "ja", "source": "stackexchange", "reason": "untranslatable", "snippet": "IJCAD 2018 最新版にて、.NET よりオブジェクトを作成すると IsWriteEnabled がfalseで作成されてしまう IJCAD 2018 最新版にて、.NET よりオブジェクトを作"}
{"raw_id": "doc_042337", "doc_id": "doc_042337", "lang": "ja", "source": "stackexchange", "reason": "untranslatable", "snippet": "Named \" + APPLICATION_HOLDER ); mProgressDialog.dismiss(); } }); SignInは以下のように作成しています。(長くなるので一部省略） p"}
{"raw_id": "doc_041480", "doc_id": "doc_041480", "lang": "ja", "source": "stackexchange", "reason": "untranslatable", "snippet": "Mysqlでの集計について 以下のSQLで集計を行おうとしておりますが、要件として売り上げがない日(0円)の データも出力したいのですが、どのようにするのがよいでしょうか？ できれば、データベース側で"}
{"raw_id": "doc_042111", "doc_id": "doc_042111", "lang": "ja", "source": "stackexchange", "reason": "untranslatable", "snippet": "行列をデフォルト状態へ戻す gl.glMatrixMode(GL10.GL_MODELVIEW); gl.glLoadIdentity(); //! 指定行列を生成 gl.glTranslatef(p"}
{"raw_id": "doc_041874", "doc_id": "doc_041874", "lang": "ja", "source": "stackexchange", "reason": "untranslatable", "snippet": "C++でオブジェクトを初期化するとエラーが出る 以下のコードでエラーが出てしまいます。 エラー内容 main.cpp:5:44:error: use of deleted function 'Seri"}
{"raw_id": "doc_044400", "doc_id": "doc_044400", "lang": "ja", "source": "ytcomments", "reason": "untranslatable", "snippet": "0:22 🎻🛵 いっせーのせで踏み込むゴーライン 僕らは何も何もまだ知らぬ 0:33 🌞 一線越えて振り返るともうない 僕らは何も何もまだ知らぬ 0:44 ☯️うだってうだってうだってく 煌めく汗がこ"}
{"raw_id": "doc_043939", "doc_id": "doc_043939", "lang": "ja", "source": "ytcomments", "reason": "untranslatable", "snippet": "自分用 （明日休みだから書き書き）🥹 4:40:06 壁紙ロレ：俺俺俺俺めっちゃ俺ｗｗｗｗ ├ 7:06:00 壁紙 ローレン ├ 7:26:42 🆕 ふうま壁紙 ！？"}
{"raw_id": "doc_043911", "doc_id": "doc_043911", "lang": "ja", "source": "ytcomments", "reason": "untranslatable", "snippet": "黒魔導士の村 ┃ 02:38:28 合成 ┃ 02:44:08 アトラからモモへの手紙 02:47:30 イプセンの古城 ┃ 02:48:20 モモからクモーレへの手紙 ┃ 02:49:12 いにしえ"}
{"raw_id": "doc_043711", "doc_id": "doc_043711", "lang": "ja", "source": "ytcomments", "reason": "untranslatable", "snippet": "7:02:22 アヴェンジャー来た！ 7:10:25 回収/耐え 7:17:50 ラスト1人/どうしよっかな～； 7:20:25 行ったら4ぬぞ～＾＾； 7:22:25 追跡 7:25:37 ★ 7:"}
{"raw_id": "doc_043709", "doc_id": "doc_043709", "lang": "ja", "source": "ytcomments", "reason": "untranslatable", "snippet": "5:11:07 5:11:16 怪我/🃏番犬バーガーめっちゃもらってる！/チラシでした～/気を付けるのよー！ 5:15:50 ちょこさん！おつかい頼んでいい？！/デキる女/わああ！ 5:18:29 救"}
{"raw_id": "doc_044397", "doc_id": "doc_044397", "lang": "ja", "source": "ytcomments", "reason": "untranslatable", "snippet": "4:27:22 ぺんちゃん；； 4:27:55 ケトル 4:29:38 4:37:35 4:58:11 [半グレ犯罪]あ / 実況反応 4:56:07 5:05:35 5:19:45 5:20:25 "}
{"raw_id": "doc_044393", "doc_id": "doc_044393", "lang": "ja", "source": "ytcomments", "reason": "untranslatable", "snippet": "※長いので誤タップ注意 ※調整前 3:08 声入り 4:02:01 7:02:08 7:04:35 7:47:40 7:50:17 ※注意喚起 雑談抜粋 2:55:43 4:12:30 4:46:08"}
{"raw_id": "doc_043840", "doc_id": "doc_043840", "lang": "ja", "source": "ytcomments", "reason": "untranslatable", "snippet": "33:20 ガチ恋じゃない？ 36:06 間違い探し ∟36:40 ライオン…もう…ね 38:40 もうじゃあ、いいっ！ぽいっ！ 38:56 ！？ 39:55 各方面のスマイルに配慮 41:00 スマ"}
{"raw_id": "doc_044149", "doc_id": "doc_044149", "lang": "ja", "source": "ytcomments", "reason": "untranslatable", "snippet": "4:51 この地球が見える景色きれいで好き( ˃ ᵕ ˂ )🌏✨ 5:02 大天才すぎる、、！✨✨"}
{"raw_id": "doc_043430", "doc_id": "doc_043430", "lang": "ja", "source": "ytcomments", "reason": "untranslatable", "snippet": "4:26 4:38 これって旧ドイツのナチ、、、、？"}
{"raw_id": "doc_044267", "doc_id": "doc_044267", "lang": "ja", "source": "ytcomments", "reason": "untranslatable", "snippet": "てるとくん動画投稿ありがとうございます✩°｡⋆⸜(ू˙꒳​˙ )໒꒱ 🩷"}
{"raw_id": "doc_044054", "doc_id": "doc_044054", "lang": "ja", "source": "ytcomments", "reason": "untranslatable", "snippet": "1:05 てるとさんにあげる(⊃_ ̫ _)⊃✨"}
{"raw_id": "doc_044045", "doc_id": "doc_044045", "lang": "ja", "source": "ytcomments", "reason": "untranslatable", "snippet": "7:11 わ！ないす〜ჱ̒˶ｰ̀֊ｰ́ )わざわざ野良サーバーに来てみんなにもゲットさせてあげるの優しい(՞っ ̫ _՞)♡"}
{"raw_id": "doc_044445", "doc_id": "doc_044445", "lang": "ja", "source": "ytcomments", "reason": "untranslatable", "snippet": "ネコおじが助っ人の時、沼る事多いから可哀想すぎる😢声は届かないけど、最後まで応援してるからね🏳️ ͗ ͗"}
{"raw_id": "doc_045052", "doc_id": "doc_045052", "lang": "ko", "source": "wikisource", "reason": "untranslatable", "snippet": "== 서문 == 訓子五說者。無爲子爲其子龜孫作也。曷爲訓之。訓其所不逮也。曷不自揆而濫爲之說歟。其言則俚。而其意則古昔聖賢之遺意也。何以不敢直斥。而微示其意歟。父子之間。言猶婉也。龜兒之解官歸學也。"}
{"raw_id": "doc_044922", "doc_id": "doc_044922", "lang": "ko", "source": "wikisource", "reason": "untranslatable", "snippet": "As Darwin has shown in his book on the 'Descent of Man and Sexual Selection,' it has played a vital "}
{"raw_id": "doc_045286", "doc_id": "doc_045286", "lang": "ko", "source": "wikisource", "reason": "untranslatable", "snippet": "12. 31.) == 법령체계도 == === 상하위법 === === 관계법령 === * 한국투자공사법 == 라이선스 =="}
{"raw_id": "doc_045078", "doc_id": "doc_045078", "lang": "ko", "source": "wikisource", "reason": "untranslatable", "snippet": "05. 24.) * 무공훈장령 (대한민국, 대통령령 제427호) (시행 1950. 12. 18.) * 무공훈장령 (대한민국, 대통령령 제385호) (시행 1950. 10. 18.)"}
{"raw_id": "doc_044627", "doc_id": "doc_044627", "lang": "ko", "source": "wikisource", "reason": "untranslatable", "snippet": "JEST, RUSE AND REVENGE. A PRELUDE IN RHYME. [13] 1. Invitation. Venture, comrades, I implore you, On"}
{"raw_id": "doc_045259", "doc_id": "doc_045259", "lang": "ko", "source": "wikisource", "reason": "untranslatable", "snippet": "::: (2) 및 (3) 생략 : 제4조 생략 == 라이선스 =="}
{"raw_id": "doc_045162", "doc_id": "doc_045162", "lang": "ko", "source": "wikisource", "reason": "untranslatable", "snippet": "I may take for granted that you know his book of that name. The psychological gulf, however, between"}
{"raw_id": "doc_046094", "doc_id": "doc_046094", "lang": "ko", "source": "ytcomments", "reason": "untranslatable", "snippet": "8:51 8:51 8:51 8:51 8:51 8:52 8:52 8:52 8:52 8:52 8:52 8:53 8:53 8:53 8:53 8:53 8:54 8:54 8:54 8:54 "}
{"raw_id": "doc_049690", "doc_id": "doc_049690", "lang": "ru", "source": "wikisource", "reason": "untranslatable", "snippet": "— Ср.: Azulai, I; Berliner. Pletath Soferim, 8, 13 и сл.; Grätz, Gesch., VII, 161; Güdemann, Gesch. "}
{"raw_id": "doc_049823", "doc_id": "doc_049823", "lang": "ru", "source": "wikisource", "reason": "untranslatable", "snippet": "== СКАЗКИ ПУШКИНСКОГО РАЙОНА == * Жених-разбойник (№ 1) * Иван-царевич, Иван-кухаркин и Иван-сучкин "}
{"raw_id": "doc_049543", "doc_id": "doc_049543", "lang": "ru", "source": "wikisource", "reason": "untranslatable", "snippet": "Prevost, Études bistoriques sur la fortification, l’attaque et la défense des places, 1869; Müller, "}
{"raw_id": "doc_050295", "doc_id": "doc_050295", "lang": "ru", "source": "wikisource", "reason": "untranslatable", "snippet": "Дела архива Св. синода 1818 г., № 759; 1821 г., № 1363; 1823 г., № 641; 1828 г., № 1130; 1830 г., № "}
{"raw_id": "doc_049404", "doc_id": "doc_049404", "lang": "ru", "source": "wikisource", "reason": "untranslatable", "snippet": "принес библиотеке в дар. — Ср. Lowenstein, Beiträge zur Gesch. der Juden in Deutschland, II."}
{"raw_id": "doc_049273", "doc_id": "doc_049273", "lang": "ru", "source": "wikisource", "reason": "untranslatable", "snippet": "en:The Russian Review/Volume 1/February 1916/The Sea pl:Morze (Żukowski, przekł. Chodźko)"}
{"raw_id": "doc_049337", "doc_id": "doc_049337", "lang": "ru", "source": "wikisource", "reason": "untranslatable", "snippet": "Французский перевод Антони Дешана: Lorsqu’ayant assouvi son atroce colère Judas enfin tomba de l’arb"}
{"raw_id": "doc_050058", "doc_id": "doc_050058", "lang": "ru", "source": "wikisource", "reason": "untranslatable", "snippet": "евреи», II, 215; Vapereau, Dict. univers. des contempor., s. v. [J. E., VIII, 151]."}
{"raw_id": "doc_049121", "doc_id": "doc_049121", "lang": "ru", "source": "wikisource", "reason": "untranslatable", "snippet": "en:Willie Brew'd A Peck O' Maut"}
{"raw_id": "doc_049283", "doc_id": "doc_049283", "lang": "ru", "source": "wikisource", "reason": "untranslatable", "snippet": "Ср. Schröder, «Lehrbuch der deutsch. RG.» (§ 42 и 61)."}
{"raw_id": "doc_049345", "doc_id": "doc_049345", "lang": "ru", "source": "wikisource", "reason": "untranslatable", "snippet": "== Примечания автора == == Примечания =="}
{"raw_id": "doc_049372", "doc_id": "doc_049372", "lang": "ru", "source": "wikisource", "reason": "untranslatable", "snippet": "— Ср.: In Memoriam rev. Dr. Isidor Kalish, New York, 1886. [По Jew. Enc. VII, 419—420)."}
{"raw_id": "doc_050293", "doc_id": "doc_050293", "lang": "ru", "source": "wikisource", "reason": "untranslatable", "snippet": "en:The Song of the Storm-Finch hy:Մրրկահավի երգը"}
{"raw_id": "doc_049398", "doc_id": "doc_049398", "lang": "ru", "source": "wikisource", "reason": "untranslatable", "snippet": "of Bevis Marks, 109 и сл.; A. Danon в Sefer ha-Schana, I. [По J. E., III, 575]."}
{"raw_id": "doc_049034", "doc_id": "doc_049034", "lang": "ru", "source": "wikisource", "reason": "untranslatable", "snippet": "также Hieronymus de Santa Fé, в Brüll’s Jahrb., IV, 50 и сл. [J. E., VI, 551—552]."}
{"raw_id": "doc_050140", "doc_id": "doc_050140", "lang": "ru", "source": "wikisource", "reason": "untranslatable", "snippet": "Lazarus, в Brülls Jahrb., X, 30; Isaac Halévy, Doroth ha-Rischonim, III, 120. [J. E. IV, 464]."}
{"raw_id": "doc_049489", "doc_id": "doc_049489", "lang": "ru", "source": "wikisource", "reason": "untranslatable", "snippet": "— Ср.: ; W. Zeitlin, BHP., 383 7; Ha-Maggid, XVII, 91; M. Schwab, Repertoire etc., 368."}
{"raw_id": "doc_049925", "doc_id": "doc_049925", "lang": "ru", "source": "wikisource", "reason": "untranslatable", "snippet": "Hanc praeterissem fabulam silentio, Si pactam fuci non recusassent fidem. ==== См. также ==== * la:F"}
{"raw_id": "doc_048368", "doc_id": "doc_048368", "lang": "ru", "source": "stackexchange", "reason": "untranslatable", "snippet": "Code, Compile, Run and Debug C++ program online. Write your code in this editor and press \"Run\" butt"}
{"raw_id": "doc_047810", "doc_id": "doc_047810", "lang": "ru", "source": "stackexchange", "reason": "untranslatable", "snippet": "This will eventually be the default behaviour Traceback (most recent call last): File \"C:\\Users\\Артё"}
{"raw_id": "doc_048506", "doc_id": "doc_048506", "lang": "ru", "source": "stackexchange", "reason": "untranslatable", "snippet": "BEST LEAD TIMES Whith over $30m of pre-purchased raw material on hand, combied whith highly automate"}
{"raw_id": "doc_048750", "doc_id": "doc_048750", "lang": "ru", "source": "stackexchange", "reason": "untranslatable", "snippet": "Буду неимоверно благодарен, если кто-то сможет помочь. #include #include #include #include \"RenderWi"}
{"raw_id": "doc_048545", "doc_id": "doc_048545", "lang": "ru", "source": "stackexchange", "reason": "untranslatable", "snippet": "Следующие пакеты устанавливались автоматически и больше не требуются: brasero-common cdrdao folks-co"}
{"raw_id": "doc_048032", "doc_id": "doc_048032", "lang": "ru", "source": "stackexchange", "reason": "untranslatable", "snippet": "Парсинг значения, из ответа на GET запрос Всем доброго. Подскажите, как спарсить значение из строки "}
{"raw_id": "doc_048623", "doc_id": "doc_048623", "lang": "ru", "source": "stackexchange", "reason": "untranslatable", "snippet": "Дальше я пробую следующий тестовый код: import scheme from sqlalchemy import create_engine, select f"}
{"raw_id": "doc_048366", "doc_id": "doc_048366", "lang": "ru", "source": "stackexchange", "reason": "untranslatable", "snippet": "Не работают анонимные функции JavaScrtipt Пользуюсь денвером. JS в Google Chrome включен. Это работа"}
{"raw_id": "doc_047758", "doc_id": "doc_047758", "lang": "ru", "source": "stackexchange", "reason": "untranslatable", "snippet": "Неправильно накладывается фон виджета в Qt при использовании QChartView Я не мог понять почему у мен"}
{"raw_id": "doc_048604", "doc_id": "doc_048604", "lang": "ru", "source": "stackexchange", "reason": "untranslatable", "snippet": "UPGRADE! Price: 100 AUTOCLICK! Price: 50"}
{"raw_id": "doc_048733", "doc_id": "doc_048733", "lang": "ru", "source": "stackexchange", "reason": "untranslatable", "snippet": "defaultData : {}; export default defineConfig({ build: { rollupOptions: { output: { manualChunks: un"}
{"raw_id": "doc_050985", "doc_id": "doc_050985", "lang": "ru", "source": "ytcomments", "reason": "untranslatable", "snippet": "Все убийства великого зонгича 8:25 1 убийство 8:31 2 убийство 9:26 3 убийство 9:29 4 убийство 9:44 5"}
{"raw_id": "doc_051950", "doc_id": "doc_051950", "lang": "ru", "source": "ytcomments", "reason": "untranslatable", "snippet": "12:57 МЕГА МОЗГ?? 1? 1?? 1? 1"}
{"raw_id": "doc_057063", "doc_id": "doc_057063", "lang": "zh", "source": "wikisource", "reason": "untranslatable", "snippet": "。此盛衰強弱之原歟？今自肇祖以下子孫，列為世表，本諸瑤牒，支別派分。其不列於十二等之封者，謂之「閒散宗室」，則從略焉。作皇子世表。 ==肇祖系== border=\"1\" cellspacing=\"0\""}
{"raw_id": "doc_057992", "doc_id": "doc_057992", "lang": "zh", "source": "wikisource", "reason": "untranslatable", "snippet": "杏花莊篘雞冠黃葵 == 九月 == * 重九登城把萸 * 把菊亭采菊 * 蘇堤看芙蓉 * 珍林嘗時果 * 景全軒金橘 * 芙蓉池三色拒霜 * 杏花莊篘新酒 == 十月 == * 現樂堂煖爐 * 滿霜亭"}
{"raw_id": "doc_057754", "doc_id": "doc_057754", "lang": "zh", "source": "wikisource", "reason": "untranslatable", "snippet": "、 。(淨扮武官上) ， ， 。請了。(末)今日我文武官屬太平宴，水陸務須華盛，歌舞都要整齊。(末、淨見介)聖天子萬靈擁輔，老君侯八面威風。寇兵銷咫尺之書，軍禮設太平之宴。謹已完備，望乞俯容。(外)軍"}
{"raw_id": "doc_054865", "doc_id": "doc_054865", "lang": "zh", "source": "wikisource", "reason": "excessive_spaced_letters", "snippet": "陵 謂足下，當享茅土之薦，受千乘之賞；聞子之歸，賜不過二百萬，位不過典屬國，無尺土之封，加子之勤。而妨功害能之臣，盡為萬戶侯；親戚貪佞之類，悉為廊廟宰。子尚如此， 陵 復何望哉？且 漢 厚誅 陵 以不"}
{"raw_id": "doc_057705", "doc_id": "doc_057705", "lang": "zh", "source": "wikisource", "reason": "excessive_spaced_letters", "snippet": "一 這兒時，家裡的小小的雞雛的一匹，落在掘在院子裡給家裡的小鴨游泳的池裡面，淹死了。"}
{"raw_id": "doc_055906", "doc_id": "doc_055906", "lang": "zh", "source": "wikisource", "reason": "untranslatable", "snippet": "谨按《异志》云∶生南海诸山，雄雌常处不相舍。主秘精，缩小便。青金色相似，人采得，以法末之，用涂钱以货易，昼用夜归，亦是人间难得之物也。（《大观》第二十二卷，34页；《政和》456页，《纲目》1525页"}
{"raw_id": "doc_054232", "doc_id": "doc_054232", "lang": "zh", "source": "wikisource", "reason": "untranslatable", "snippet": "== 47 == 阴影戴上她的面幕，秘密地，温顺地，用她的沉默的爱的脚步，跟在“光”后边。 == 48 == 群星不怕显得象萤火那样。 == 49 == 谢谢神，我不是一个权力的轮子，而是被压在这轮子"}
{"raw_id": "doc_052329", "doc_id": "doc_052329", "lang": "zh", "source": "wikisource", "reason": "untranslatable", "snippet": "# 622.080Mbit／s（STM-4）——容量为622.080Mbit／s的同步数字系列（SDH），即传送微波接力系统的四阶同步传送模块（STM-4）的标称速率。 == 射频波道位置 == =="}
{"raw_id": "doc_055522", "doc_id": "doc_055522", "lang": "zh", "source": "wikisource", "reason": "untranslatable", "snippet": "邯郸市武安东山文化博艺园 2. 邯郸市武安京娘湖风景区 3. 保定市阜平晋察冀边区革命纪念馆 4. 保定市易县狼牙山风景区 5. 保定市直隶总督署 == 山西（2家）: == 1."}
{"raw_id": "doc_055524", "doc_id": "doc_055524", "lang": "zh", "source": "wikisource", "reason": "untranslatable", "snippet": "上海枫泾古镇旅游景区 == 江苏（1家）: == 1. 淮安市周恩来故居 == 浙江（7家）: == 1. 杭州市湘湖景区 2. 杭州市柳溪江风景区 3. 金华市东阳横店红色旅游城 4."}
{"raw_id": "doc_055908", "doc_id": "doc_055908", "lang": "zh", "source": "wikisource", "reason": "excessive_spaced_letters", "snippet": "一 未了各案，勸早料理者，不早了必動干戈，無不知中外交兵，外有必勝之勢，中若敗而始了各事，外必不能以此罷兵也。外所欲得之事，現已深知，若再戰勝後，其事更不可問矣。"}
{"raw_id": "doc_055907", "doc_id": "doc_055907", "lang": "zh", "source": "wikisource", "reason": "excessive_spaced_letters", "snippet": "一 立論貴乎實，自有紀載以來，歷數千年莫古於中國。而自四海各國觀之，竟莫弱於中國。自古不通之外國，近數十年漸漸與中國往來，拒絕不得，不此之計，立言施行，果何主哉。"}
{"raw_id": "doc_056883", "doc_id": "doc_056883", "lang": "zh", "source": "wikisource", "reason": "excessive_spaced_letters", "snippet": "王 昇，字君仪，郡人。博治多识，尤邃《礼》《易》，家居不仕。以尚书左丞山阴陆公荐，特起于家，遂历礼官。晚以徽猷阁待制还乡里，知数预语人以将死，绍兴二年，无疾而卒，年七十九。"}
{"raw_id": "doc_054173", "doc_id": "doc_054173", "lang": "zh", "source": "wikisource", "reason": "excessive_spaced_letters", "snippet": "唐 ，禁惡錢，斂人間惡錢鎔之，更鑄如式。宋景請出太府錢二萬緡，以平價買百姓不佳之物，可充官用，庶便流布人間，其後敕大府及府縣出粟十萬石糶之，以斂人間惡錢，送少府銷毀。"}
{"raw_id": "doc_056680", "doc_id": "doc_056680", "lang": "zh", "source": "wikisource", "reason": "untranslatable", "snippet": "en:James Monroe's Seventh State of the Union Address"}
{"raw_id": "doc_052507", "doc_id": "doc_052507", "lang": "zh", "source": "wikisource", "reason": "untranslatable", "snippet": ": 高举毛泽东旗帜， : 前进！前进！前进！进！ == 曲 == \\relative g' { \\key g \\major \\time 2/4 g8. b16 d8 d8 \\bar \"|\" e4 d4"}
{"raw_id": "doc_054223", "doc_id": "doc_054223", "lang": "zh", "source": "wikisource", "reason": "untranslatable", "snippet": "4)) bookTitleMarkup = \\markup { \\override #'(baseline-skip . 3.5) \\column { \\fill-line { \\fromproper"}
{"raw_id": "doc_052898", "doc_id": "doc_052898", "lang": "zh", "source": "wikisource", "reason": "untranslatable", "snippet": "拜謝諸君！願天佑吾民，天佑吾邦！ ar:خطبة نصر باراك أوباما الانتخابية en:Barack Obama's election victory speech in Ch"}
{"raw_id": "doc_058202", "doc_id": "doc_058202", "lang": "zh", "source": "ytcomments", "reason": "untranslatable", "snippet": "4:40 蜂衣：不是，你管这么辛苦? 😂😂😂"}
{"raw_id": "doc_058201", "doc_id": "doc_058201", "lang": "zh", "source": "ytcomments", "reason": "untranslatable", "snippet": "4:40 蜂衣：不是，你管这么辛苦? 😂😂😂"}
{"raw_id": "doc_018251", "doc_id": "doc_018251", "lang": "en", "source": "stackexchange", "reason": "untranslatable", "snippet": "Why does IRB display arrays differently depending on their length? I am currently experimenting with"}
{"raw_id": "doc_042486", "doc_id": "doc_042486", "lang": "ja", "source": "wikisource", "reason": "untranslatable", "snippet": "（一等陸士等の俸給月額及び自衛官候補生手当に関する経過措置） 第四条 第三条の規定の施行の日の前日において一等陸士、一等海士若しくは一等空士若しくは二等陸士、二等海士若しくは二等空士である自衛官又は自"}
{"raw_id": "doc_041526", "doc_id": "doc_041526", "lang": "ja", "source": "stackexchange", "reason": "untranslatable", "snippet": "Button の事を言っているのであれば、コードは大幅に変える必要があります。 Button に EventTrigger コンポーネントをアタッチし、押している間は移動するようにしなければなりません"}
{"raw_id": "doc_043912", "doc_id": "doc_043912", "lang": "ja", "source": "ytcomments", "reason": "untranslatable", "snippet": "┃ 04:21:38 分かっちゃったぺこちゃん ┃ 04:23:01 ティアマト戦 ┃ 04:26:30 全滅 ┃ 04:33:02 戦闘終了 ┃ 04:34:44 ガイアとテラ ┃ 04:42:17"}
{"raw_id": "doc_044046", "doc_id": "doc_044046", "lang": "ja", "source": "ytcomments", "reason": "untranslatable", "snippet": "5:29 たしかにねwww暴れだしてもかっこいいから見てみたかったかも│‬՞. ̫ .՞)……"}
